SQL> select * from emp;

     EMPNO ENAME      JOB              MGR HIREDATE         SAL       COMM      
---------- ---------- --------- ---------- --------- ---------- ----------      
    DEPTNO                                                                      
----------                                                                      
      7369 SMITH      CLERK           7902 17-DEC-80        800                 
        20                                                                      
                                                                                
      7499 ALLEN      SALESMAN        7698 20-FEB-81       1600        300      
        30                                                                      
                                                                                
      7521 WARD       SALESMAN        7698 22-FEB-81       1250        500      
        30                                                                      
                                                                                

     EMPNO ENAME      JOB              MGR HIREDATE         SAL       COMM      
---------- ---------- --------- ---------- --------- ---------- ----------      
    DEPTNO                                                                      
----------                                                                      
      7566 JONES      MANAGER         7839 02-APR-81       2975                 
        20                                                                      
                                                                                
      7654 MARTIN     SALESMAN        7698 28-SEP-81       1250       1400      
        30                                                                      
                                                                                
      7698 BLAKE      MANAGER         7839 01-MAY-81       2850                 
        30                                                                      
                                                                                

     EMPNO ENAME      JOB              MGR HIREDATE         SAL       COMM      
---------- ---------- --------- ---------- --------- ---------- ----------      
    DEPTNO                                                                      
----------                                                                      
      7782 CLARK      MANAGER         7839 09-JUN-81       2450                 
        10                                                                      
                                                                                
      7788 SCOTT      ANALYST         7566 19-APR-87       3000                 
        20                                                                      
                                                                                
      7839 KING       PRESIDENT            17-NOV-81       5000                 
        10                                                                      
                                                                                

     EMPNO ENAME      JOB              MGR HIREDATE         SAL       COMM      
---------- ---------- --------- ---------- --------- ---------- ----------      
    DEPTNO                                                                      
----------                                                                      
      7844 TURNER     SALESMAN        7698 08-SEP-81       1500          0      
        30                                                                      
                                                                                
      7876 ADAMS      CLERK           7788 23-MAY-87       1100                 
        20                                                                      
                                                                                
      7900 JAMES      CLERK           7698 03-DEC-81        950                 
        30                                                                      
                                                                                

     EMPNO ENAME      JOB              MGR HIREDATE         SAL       COMM      
---------- ---------- --------- ---------- --------- ---------- ----------      
    DEPTNO                                                                      
----------                                                                      
      7902 FORD       ANALYST         7566 03-DEC-81       3000                 
        20                                                                      
                                                                                
      7934 MILLER     CLERK           7782 23-JAN-82       1300                 
        10                                                                      
                                                                                

14 rows selected.

SQL> set page size 20;
SP2-0158: unknown SET option "page"
SQL> set pagesize 20;
SQL> select * from emp;

     EMPNO ENAME      JOB              MGR HIREDATE         SAL       COMM      
---------- ---------- --------- ---------- --------- ---------- ----------      
    DEPTNO                                                                      
----------                                                                      
      7369 SMITH      CLERK           7902 17-DEC-80        800                 
        20                                                                      
                                                                                
      7499 ALLEN      SALESMAN        7698 20-FEB-81       1600        300      
        30                                                                      
                                                                                
      7521 WARD       SALESMAN        7698 22-FEB-81       1250        500      
        30                                                                      
                                                                                
      7566 JONES      MANAGER         7839 02-APR-81       2975                 
        20                                                                      
                                                                                
      7654 MARTIN     SALESMAN        7698 28-SEP-81       1250       1400      
        30                                                                      
                                                                                

     EMPNO ENAME      JOB              MGR HIREDATE         SAL       COMM      
---------- ---------- --------- ---------- --------- ---------- ----------      
    DEPTNO                                                                      
----------                                                                      
      7698 BLAKE      MANAGER         7839 01-MAY-81       2850                 
        30                                                                      
                                                                                
      7782 CLARK      MANAGER         7839 09-JUN-81       2450                 
        10                                                                      
                                                                                
      7788 SCOTT      ANALYST         7566 19-APR-87       3000                 
        20                                                                      
                                                                                
      7839 KING       PRESIDENT            17-NOV-81       5000                 
        10                                                                      
                                                                                
      7844 TURNER     SALESMAN        7698 08-SEP-81       1500          0      
        30                                                                      
                                                                                

     EMPNO ENAME      JOB              MGR HIREDATE         SAL       COMM      
---------- ---------- --------- ---------- --------- ---------- ----------      
    DEPTNO                                                                      
----------                                                                      
      7876 ADAMS      CLERK           7788 23-MAY-87       1100                 
        20                                                                      
                                                                                
      7900 JAMES      CLERK           7698 03-DEC-81        950                 
        30                                                                      
                                                                                
      7902 FORD       ANALYST         7566 03-DEC-81       3000                 
        20                                                                      
                                                                                
      7934 MILLER     CLERK           7782 23-JAN-82       1300                 
        10                                                                      
                                                                                

14 rows selected.

SQL> set linesize 90;
SQL> select * from emp;

     EMPNO ENAME      JOB              MGR HIREDATE         SAL       COMM     DEPTNO     
---------- ---------- --------- ---------- --------- ---------- ---------- ----------     
      7369 SMITH      CLERK           7902 17-DEC-80        800                    20     
      7499 ALLEN      SALESMAN        7698 20-FEB-81       1600        300         30     
      7521 WARD       SALESMAN        7698 22-FEB-81       1250        500         30     
      7566 JONES      MANAGER         7839 02-APR-81       2975                    20     
      7654 MARTIN     SALESMAN        7698 28-SEP-81       1250       1400         30     
      7698 BLAKE      MANAGER         7839 01-MAY-81       2850                    30     
      7782 CLARK      MANAGER         7839 09-JUN-81       2450                    10     
      7788 SCOTT      ANALYST         7566 19-APR-87       3000                    20     
      7839 KING       PRESIDENT            17-NOV-81       5000                    10     
      7844 TURNER     SALESMAN        7698 08-SEP-81       1500          0         30     
      7876 ADAMS      CLERK           7788 23-MAY-87       1100                    20     
      7900 JAMES      CLERK           7698 03-DEC-81        950                    30     
      7902 FORD       ANALYST         7566 03-DEC-81       3000                    20     
      7934 MILLER     CLERK           7782 23-JAN-82       1300                    10     

14 rows selected.

SQL> select job,depno from emp;
select job,depno from emp
           *
ERROR at line 1:
ORA-00904: "DEPNO": invalid identifier 


SQL> select empno,deptno from emp;

     EMPNO     DEPTNO                                                                     
---------- ----------                                                                     
      7369         20                                                                     
      7499         30                                                                     
      7521         30                                                                     
      7566         20                                                                     
      7654         30                                                                     
      7698         30                                                                     
      7782         10                                                                     
      7788         20                                                                     
      7839         10                                                                     
      7844         30                                                                     
      7876         20                                                                     
      7900         30                                                                     
      7902         20                                                                     
      7934         10                                                                     

14 rows selected.

SQL> select distinct job from emp;

JOB                                                                                       
---------                                                                                 
CLERK                                                                                     
SALESMAN                                                                                  
PRESIDENT                                                                                 
MANAGER                                                                                   
ANALYST                                                                                   

SQL> select distinct salary from emp;
select distinct salary from emp
                *
ERROR at line 1:
ORA-00904: "SALARY": invalid identifier 


SQL> select distinct sal from emp;

       SAL                                                                                
----------                                                                                
      2450                                                                                
      5000                                                                                
      1300                                                                                
      1250                                                                                
      2850                                                                                
      2975                                                                                
      1100                                                                                
      3000                                                                                
       800                                                                                
      1600                                                                                
      1500                                                                                
       950                                                                                

12 rows selected.

SQL> set pagesize 20;
SQL> select * from emp;

     EMPNO ENAME      JOB              MGR HIREDATE         SAL       COMM     DEPTNO     
---------- ---------- --------- ---------- --------- ---------- ---------- ----------     
      7369 SMITH      CLERK           7902 17-DEC-80        800                    20     
      7499 ALLEN      SALESMAN        7698 20-FEB-81       1600        300         30     
      7521 WARD       SALESMAN        7698 22-FEB-81       1250        500         30     
      7566 JONES      MANAGER         7839 02-APR-81       2975                    20     
      7654 MARTIN     SALESMAN        7698 28-SEP-81       1250       1400         30     
      7698 BLAKE      MANAGER         7839 01-MAY-81       2850                    30     
      7782 CLARK      MANAGER         7839 09-JUN-81       2450                    10     
      7788 SCOTT      ANALYST         7566 19-APR-87       3000                    20     
      7839 KING       PRESIDENT            17-NOV-81       5000                    10     
      7844 TURNER     SALESMAN        7698 08-SEP-81       1500          0         30     
      7876 ADAMS      CLERK           7788 23-MAY-87       1100                    20     
      7900 JAMES      CLERK           7698 03-DEC-81        950                    30     
      7902 FORD       ANALYST         7566 03-DEC-81       3000                    20     
      7934 MILLER     CLERK           7782 23-JAN-82       1300                    10     

14 rows selected.

SQL> spool off
