SQL> SELECT D.*
  2  FROM DEPT D INNER JOIN EMP E
  3  WHERE E.SAL>3000 AND D.LOC='NEW YORK' E.DEPTNO=D.DEPTNO;
WHERE E.SAL>3000 AND D.LOC='NEW YORK' E.DEPTNO=D.DEPTNO
*
ERROR at line 3:
ORA-00905: missing keyword 


SQL> SELECT D.*
  2  FROM DEPT D INNER JOIN EMP E
  3  WHERE E.SAL>3000 AND D.LOC='NEW YORK' AND  E.DEPTNO=D.DEPTNO;
WHERE E.SAL>3000 AND D.LOC='NEW YORK' AND  E.DEPTNO=D.DEPTNO
*
ERROR at line 3:
ORA-00905: missing keyword 


SQL> SELECT D.*
  2  FROM DEPT D INNER JOIN EMP E
  3  ON  E.SAL>3000 AND D.LOC='NEW YORK' AND  E.DEPTNO=D.DEPTNO;

    DEPTNO DNAME          LOC                                                   
---------- -------------- -------------                                         
        10 ACCOUNTING     NEW YORK                                              

SQL> SELECT DEPT FROM WHERE DEPTNO IN (SELECT DEPTNO FROM EMP
  2  WHERE SAL>3000) AND LOC='NEW YORK';
SELECT DEPT FROM WHERE DEPTNO IN (SELECT DEPTNO FROM EMP
                 *
ERROR at line 1:
ORA-00903: invalid table name 


SQL> SELECT * FROM DEPT WHERE DEPTNO IN (SELECT DEPTNO FROM EMP
  2  WHERE SAL>3000) AND LOC='NEW YORK';

    DEPTNO DNAME          LOC                                                   
---------- -------------- -------------                                         
        10 ACCOUNTING     NEW YORK                                              

SQL> SELECT C.CNAME,C.AGE,C.ADDRESS,P.PNAME,P.PRICE
  2  FROM CUSTOMER C INNER JOIN PRODUCT P
  3  ON P.PRICE BETWEEN 500 AND 1000 AND TO_CHAR(P.MF_DATE,'YYYY')='2023'
  4  AND TO_CHAR(P.EX_DATE,'YYYY')='2025' AND C.CID=D.CID;
FROM CUSTOMER C INNER JOIN PRODUCT P
                           *
ERROR at line 2:
ORA-00942: table or view does not exist 


SQL> SELECT C.CNAME,C.AGE,C.ADDRESS,P.PNAME,P.PRICE
  2  FROM CUSTOMER C INNER JOIN PRODUCT P
  3  ON P.PRICE BETWEEN 500 AND 1000 AND TO_CHAR(P.MF_DATE,'YYYY')='2023'
  4  AND TO_CHAR(P.EX_DATE,'YYYY')='2025' AND C.CID=D.CID
  5  
SQL> SELECT W.FNAME,W.LNAME,O.DEPT
  2  FROM ORGANIZATION O INNER JOIN WORKERS W
  3  WHERE W.AGE>40 AND W.DAILY_WAGES=300 AND W.TRAVEL_IN_KMS=25
  4  AND O.ID=W.ID;
WHERE W.AGE>40 AND W.DAILY_WAGES=300 AND W.TRAVEL_IN_KMS=25
*
ERROR at line 3:
ORA-00905: missing keyword 


SQL>  SELECT W.FNAME,W.LNAME,O.DEPT
  2   FROM ORGANIZATION O INNER JOIN WORKERS W
  3  ON W.AGE>40 AND W.DAILY_WAGES=300 AND W.TRAVEL_IN_KMS=25
  4  AND O.ID=W.ID;
 FROM ORGANIZATION O INNER JOIN WORKERS W
                                *
ERROR at line 2:
ORA-00942: table or view does not exist 


SQL> SPOOL OFF
